// Jest Snapshot v1, https://goo.gl/fbAQLP

exports[`CombatPlannerContainer renders  1`] = `
<div>
  <div
    className="ui inverted vertical center aligned segment sc-bdVaJa lasqMc"
  >
    <div
      className="ui large inverted pointing secondary menu"
    >
      <div
        className="ui container"
      >
        <div
          className="item"
          onClick={[Function]}
        >
          Combat Planner
        </div>
      </div>
    </div>
    <div
      className="ui container"
    >
      <h1
        className="ui inverted header sc-bwzfXH cKpNQC"
      >
        Combat Planner
      </h1>
    </div>
  </div>
  <div
    className="ui basic segment sc-htpNat cqACzS"
  >
    <div
      className="ui container sc-bxivhb hIaRfc"
    >
      <div
        className="ui segments"
      >
        <div
          className="ui segment"
        >
          <div
            className="item"
          >
            <div
              className="content"
            >
              <div
                className="header"
              >
                1
              </div>
              <div
                className="header"
              >
                Fighter Name
              </div>
            </div>
          </div>
        </div>
        <div
          className="ui segment"
        >
          <div
            className="item"
          >
            <div
              className="content"
            >
              <div
                className="header"
              >
                1
              </div>
              <div
                className="header"
              >
                Fighter Name
              </div>
            </div>
          </div>
        </div>
        <div
          className="ui segment"
        >
          <div
            className="item"
          >
            <div
              className="content"
            >
              <div
                className="header"
              >
                1
              </div>
              <div
                className="header"
              >
                Fighter Name
              </div>
            </div>
          </div>
        </div>
        <div
          className="ui segment"
        >
          <div
            className="item"
          >
            <div
              className="content"
            >
              <div
                className="header"
              >
                1
              </div>
              <div
                className="header"
              >
                Fighter Name
              </div>
            </div>
          </div>
        </div>
        <div
          className="ui segment"
        >
          <div
            className="item"
          >
            <div
              className="content"
            >
              <div
                className="header"
              >
                1
              </div>
              <div
                className="header"
              >
                Fighter Name
              </div>
            </div>
          </div>
        </div>
        <div
          className="ui segment"
        >
          <div
            className="item"
          >
            <div
              className="content"
            >
              <div
                className="header"
              >
                1
              </div>
              <div
                className="header"
              >
                Fighter Name
              </div>
            </div>
          </div>
        </div>
        <div
          className="ui segment"
        >
          <div
            className="item"
          >
            <div
              className="content"
            >
              <div
                className="header"
              >
                1
              </div>
              <div
                className="header"
              >
                Fighter Name
              </div>
            </div>
          </div>
        </div>
        <div
          className="ui segment"
        >
          <div
            className="item"
          >
            <div
              className="content"
            >
              <div
                className="header"
              >
                1
              </div>
              <div
                className="header"
              >
                Fighter Name
              </div>
            </div>
          </div>
        </div>
        <div
          className="ui segment"
        >
          <div
            className="item"
          >
            <div
              className="content"
            >
              <div
                className="header"
              >
                1
              </div>
              <div
                className="header"
              >
                Fighter Name
              </div>
            </div>
          </div>
        </div>
        <div
          className="ui segment"
        >
          <div
            className="item"
          >
            <div
              className="content"
            >
              <div
                className="header"
              >
                1
              </div>
              <div
                className="header"
              >
                Fighter Name
              </div>
            </div>
          </div>
        </div>
        <div
          className="ui segment"
        >
          <div
            className="item"
          >
            <div
              className="content"
            >
              <div
                className="header"
              >
                1
              </div>
              <div
                className="header"
              >
                Fighter Name
              </div>
            </div>
          </div>
        </div>
      </div>
    </div>
  </div>
</div>
`;
