// Jest Snapshot v1, https://goo.gl/fbAQLP

exports[`CombatPlannerContainer renders  1`] = `
<div>
  <div
    className="ui inverted vertical center aligned segment sc-bdVaJa lasqMc"
  >
    <div
      className="ui large inverted pointing secondary menu"
    >
      <div
        className="ui container"
      >
        <div
          className="item"
          onClick={[Function]}
        >
          Combat Planner
        </div>
      </div>
    </div>
    <div
      className="ui container"
    >
      <h1
        className="ui inverted header sc-bwzfXH cKpNQC"
      >
        Combat Planner
      </h1>
    </div>
  </div>
  <div
    className="ui basic segment sc-gZMcBi cVZbhj"
  >
    <div
      className="ui container sc-gqjmRU feFZhV"
    >
      <div
        className="ui segments sc-dnqmqq hBdoJi"
      >
        <div
          className="ui segment"
        >
          <div
            className="item"
          >
            <div
              className="content"
            >
              <div
                className="extra"
              >
                <img
                  className="ui left floated image sc-htoDjs emFeMl"
                  src="placeholderfighter.svg"
                />
              </div>
              <div
                className="header sc-gzVnrw JWpAx"
              />
              <div
                className="extra sc-bZQynM iEOshs"
                position={1}
              >
                <div>
                  <div
                    className="extra sc-htpNat fSoQxP"
                  >
                    <i
                      aria-hidden="true"
                      className="grey heart outline big icon sc-bxivhb iQXIBe"
                    />
                  </div>
                </div>
              </div>
              <div
                className="extra sc-bZQynM fmGHdG"
                position={0}
              >
                <div>
                  <div
                    className="extra sc-htpNat fSoQxP"
                  >
                    <i
                      aria-hidden="true"
                      className="grey shield big icon sc-bxivhb iQXIBe"
                    />
                  </div>
                </div>
              </div>
            </div>
          </div>
        </div>
        <div
          className="ui segment"
        >
          <div
            className="item"
          >
            <div
              className="content"
            >
              <div
                className="extra"
              >
                <img
                  className="ui left floated image sc-htoDjs emFeMl"
                  src="placeholderfighter.svg"
                />
              </div>
              <div
                className="header sc-gzVnrw JWpAx"
              />
              <div
                className="extra sc-bZQynM iEOshs"
                position={1}
              >
                <div>
                  <div
                    className="extra sc-htpNat fSoQxP"
                  >
                    <i
                      aria-hidden="true"
                      className="grey heart outline big icon sc-bxivhb iQXIBe"
                    />
                  </div>
                </div>
              </div>
              <div
                className="extra sc-bZQynM fmGHdG"
                position={0}
              >
                <div>
                  <div
                    className="extra sc-htpNat fSoQxP"
                  >
                    <i
                      aria-hidden="true"
                      className="grey shield big icon sc-bxivhb iQXIBe"
                    />
                  </div>
                </div>
              </div>
            </div>
          </div>
        </div>
        <div
          className="ui segment"
        >
          <div
            className="item"
          >
            <div
              className="content"
            >
              <div
                className="extra"
              >
                <img
                  className="ui left floated image sc-htoDjs emFeMl"
                  src="placeholderfighter.svg"
                />
              </div>
              <div
                className="header sc-gzVnrw JWpAx"
              />
              <div
                className="extra sc-bZQynM iEOshs"
                position={1}
              >
                <div>
                  <div
                    className="extra sc-htpNat fSoQxP"
                  >
                    <i
                      aria-hidden="true"
                      className="grey heart outline big icon sc-bxivhb iQXIBe"
                    />
                  </div>
                </div>
              </div>
              <div
                className="extra sc-bZQynM fmGHdG"
                position={0}
              >
                <div>
                  <div
                    className="extra sc-htpNat fSoQxP"
                  >
                    <i
                      aria-hidden="true"
                      className="grey shield big icon sc-bxivhb iQXIBe"
                    />
                  </div>
                </div>
              </div>
            </div>
          </div>
        </div>
      </div>
      <div
        className="ui segment"
      >
        <form
          action={undefined}
          className="ui form"
          onSubmit={[Function]}
        >
          <h2
            className="ui header"
          >
            Add fighter
          </h2>
          <div
            className="required field"
          >
            <label
              htmlFor={undefined}
            >
              Fighter Name
            </label>
            <div
              className="ui input"
              content={undefined}
            >
              <input
                disabled={undefined}
                name="name"
                onChange={[Function]}
                placeholder="Goblin #1"
                required={true}
                tabIndex={undefined}
                type="text"
                value=""
              />
            </div>
          </div>
          <div
            className="equal width fields"
          >
            <div
              className="four wide field"
            >
              <label
                htmlFor={undefined}
              >
                Initiative
              </label>
              <input
                content={undefined}
                disabled={undefined}
                name="initiative"
                onChange={[Function]}
                placeholder="17"
                required={undefined}
                type="number"
                value=""
              />
            </div>
            <i
              aria-hidden="true"
              className="red heart outline big icon sc-iwsKbI ecTPVt"
            />
            <div
              className="field"
            >
              <label
                htmlFor={undefined}
              >
                Health
              </label>
              <input
                content={undefined}
                disabled={undefined}
                name="health"
                onChange={[Function]}
                placeholder="30"
                required={undefined}
                type="number"
                value=""
              />
            </div>
            <i
              aria-hidden="true"
              className="grey shield big icon sc-iwsKbI ecTPVt"
            />
            <div
              className="field"
            >
              <label
                htmlFor={undefined}
              >
                Armor
              </label>
              <input
                content={undefined}
                disabled={undefined}
                name="armor"
                onChange={[Function]}
                placeholder="18"
                required={undefined}
                type="number"
              />
            </div>
          </div>
          <div
            className="ui checkbox"
            onChange={[Function]}
            onClick={[Function]}
            onMouseDown={[Function]}
          >
            <input
              checked={false}
              className="hidden"
              disabled={undefined}
              id={undefined}
              name="player"
              onClick={[Function]}
              readOnly={true}
              tabIndex={0}
              type="checkbox"
              value={undefined}
            />
            <label
              htmlFor={undefined}
            >
              Is this a player?
            </label>
          </div>
          <div
            className="ui divider"
          />
          <button
            className="ui basic button"
            disabled={undefined}
            onClick={[Function]}
            role="button"
            tabIndex={undefined}
          >
            Cancel
          </button>
          <button
            className="ui positive right floated button"
            disabled={undefined}
            onClick={[Function]}
            role="button"
            tabIndex={undefined}
          >
            Add
          </button>
        </form>
      </div>
    </div>
  </div>
</div>
`;
