// Jest Snapshot v1, https://goo.gl/fbAQLP

exports[`Banner renders 1`] = `
<Styled(Segment)
  inverted={true}
  textAlign="center"
  vertical={true}
>
  <SiteMenu />
  <Container>
    <Styled(Header)
      as="h1"
      inverted={true}
    >
      Combat Planner
    </Styled(Header)>
  </Container>
</Styled(Segment)>
`;
