// Jest Snapshot v1, https://goo.gl/fbAQLP

exports[`Banner renders 1`] = `
<Styled(Segment)
  inverted={true}
  textAlign="center"
  vertical={true}
>
  <styled.div>
    <styled.div
      src="hero.jpg"
    />
  </styled.div>
  <Styled(Container)>
    <Styled(Header)
      as="h1"
      inverted={true}
    >
      Combat Tracker
    </Styled(Header)>
  </Styled(Container)>
</Styled(Segment)>
`;
