// Jest Snapshot v1, https://goo.gl/fbAQLP

exports[`CombatPlannerPage renders  1`] = `
<div>
  <Banner />
  <Styled(Segment)
    basic={true}
  >
    <Styled(Container)>
      <ButtonGroup />
      <Divider />
      <FighterList
        items={Array []}
      />
      <Connect(FighterEditableForm) />
    </Styled(Container)>
  </Styled(Segment)>
</div>
`;
