// Jest Snapshot v1, https://goo.gl/fbAQLP

exports[`FighterList renders with empty items array 1`] = `
<div
  className="ui basic segment sc-bZQynM gXFCxG"
>
  <div
    className="ui container sc-gzVnrw dlvNYg"
  >
    <div
      className="ui segments"
    />
  </div>
</div>
`;

exports[`FighterList renders with no props 1`] = `
<div
  className="ui basic segment sc-bZQynM gXFCxG"
>
  <div
    className="ui container sc-gzVnrw dlvNYg"
  >
    <div
      className="ui segments"
    />
  </div>
</div>
`;

exports[`FighterList renders with two items 1`] = `
<div
  className="ui basic segment sc-bZQynM gXFCxG"
>
  <div
    className="ui container sc-gzVnrw dlvNYg"
  >
    <div
      className="ui segments"
    >
      <div
        className="ui segment"
      >
        <div
          className="item"
        >
          <div
            className="content"
          >
            <div
              className="extra"
            >
              <div
                className="ui left floated header"
              >
                1
              </div>
            </div>
            <div
              className="header sc-bxivhb bYOrRR"
            >
              Name
            </div>
            <div
              className="extra sc-ifAKCX kAHmWX"
            >
              <div>
                <div
                  className="extra sc-bdVaJa cdKNHG"
                >
                  <i
                    aria-hidden="true"
                    className="red heart outline big icon sc-bwzfXH cXPuzX"
                  />
                  <div
                    className="sc-htpNat iPQVHr"
                    color="red"
                  >
                    0
                  </div>
                </div>
              </div>
            </div>
          </div>
        </div>
      </div>
    </div>
  </div>
</div>
`;
