// Jest Snapshot v1, https://goo.gl/fbAQLP

exports[`Fighter renders with fighter 1`] = `
<div
  className="ui segment"
>
  <div
    className="item"
  >
    <div
      className="content"
    >
      <div
        className="extra"
      >
        <div
          className="ui left floated header"
        >
          NaN
        </div>
      </div>
      <div
        className="header sc-bxivhb bYOrRR"
      >
        Fighter
      </div>
      <div
        className="extra sc-ifAKCX kAHmWX"
      >
        <div>
          <div
            className="extra sc-bdVaJa cdKNHG"
          >
            <i
              aria-hidden="true"
              className="red heart outline big icon sc-bwzfXH cXPuzX"
            />
            <div
              className="sc-htpNat iPQVHr"
              color="red"
            >
              0
            </div>
          </div>
        </div>
      </div>
    </div>
  </div>
</div>
`;

exports[`Fighter renders with no props 1`] = `
<div
  className="ui segment"
>
  <div
    className="item"
  >
    <div
      className="content"
    >
      <div
        className="header"
      />
      <div
        className="header"
      />
    </div>
  </div>
</div>
`;
