// Jest Snapshot v1, https://goo.gl/fbAQLP

exports[`FighterEditable renders with all required props 1`] = `
<Segment>
  <Form
    as="form"
    onSubmit={[Function]}
  >
    <Header
      as="h2"
    >
      Add fighter
    </Header>
    <FormInput
      as={[Function]}
      control={[Function]}
      label="Fighter Name"
      name="name"
      onChange={[Function]}
      placeholder="Goblin #1"
      required={true}
      value=""
    />
    <FormGroup
      widths="equal"
    >
      <FormField
        control="input"
        label="Initiative"
        name="initiative"
        onChange={[Function]}
        placeholder="17"
        type="number"
        value=""
        width={4}
      />
      <Responsive
        as={[Function]}
        color="red"
        getWidth={[Function]}
        minWidth={768}
        name="heart outline"
        size="big"
      />
      <FormField
        control="input"
        label="Health"
        name="health"
        onChange={[Function]}
        placeholder="30"
        type="number"
        value=""
      />
      <Responsive
        as={[Function]}
        color="grey"
        getWidth={[Function]}
        minWidth={768}
        name="shield"
        size="big"
      />
      <FormField
        control="input"
        label="Armor"
        name="armor"
        onChange={[Function]}
        placeholder="18"
        type="number"
      />
    </FormGroup>
    <Checkbox
      checked={false}
      label="Is this a player?"
      name="player"
      onChange={[Function]}
      type="checkbox"
    />
    <Divider />
    <Button
      as="button"
      content="Add"
      floated="right"
      positive={true}
      role="button"
      type="submit"
    />
    <Button
      as="button"
      basic={true}
      content="Cancel"
      onClick={[Function]}
      role="button"
    />
  </Form>
</Segment>
`;
